bun test v1.3.14 (0d9b296a)

src/tui/routing-classifier-policy.test.ts:
(pass) P1: external off blocks credentialed provider without caller hook [35.96ms]
(pass) P1: external off blocks credentialed model without caller hook [22.60ms]
(pass) P1: exclude blocked standard before ranking, reload switch and list [58.66ms]
(pass) P1: user external off is enforced without a project override [5.24ms]

src/tui/routing-classifier-source.test.ts:
(pass) runRoutingClassifierForTurn: disabled routing never classifies [0.60ms]
(pass) runRoutingClassifierForTurn: a deterministic 'review' shortcut resolves through the routing table to the configured model [13.99ms]
(pass) runRoutingClassifierForTurn: no project/user config AND no derivable profile data (unknown model ids, no curated/stored profile) resolves to session-default — nothing routed [2.42ms]
(pass) runRoutingClassifierForTurn: an unconfigured operator (no project/user routing config, no stored model profiles) still routes 'quick' to the derived LIGHT model — flow 327's derived layer, not just project/user [3.26ms]
(pass) runRoutingClassifierForTurn: Jev enabled and credentialed drives the resolution [20.35ms]
(pass) renderRoutingSidebarValue: off/on text [0.04ms]
(pass) flow 406: the Russian smoke greeting routes to configured quick without a classifier request [18.78ms]
(pass) flow 411: baseline changes neither classifier nor configured executor [36.87ms]
(pass) flow 411: Jev success skips fallback; failure uses sufficient classifier [1509.74ms]
(pass) flow 411: absent or denied sufficient models never revert to baseline [4.62ms]
(pass) flow 411: provider-default dispatch remains independent of baseline [13.15ms]
(pass) flow 411: rejected provider-default (unknown) has a reason, no success tag [22.53ms]
(pass) flow 411: rejected provider-default (disconnected) has a reason, no success tag [13.07ms]
(pass) flow 411: rejected provider-default (missing-model) has a reason, no success tag [8.44ms]
(pass) flow 411: rejected provider-default (unavailable) has a reason, no success tag [38.89ms]
(pass) flow 411: rejected provider-default (denied) has a reason, no success tag [8.93ms]
(pass) flow 411: missing provider-default credentials falls through to user [24.94ms]
(pass) flow 411: project default wins over user; no catalogue cannot refute its model [11.45ms]
(pass) flow411: cancelled classifier returns no executor even after late JEV success [13.81ms]
(pass) flow411 review: concrete executor policy denial preserves layer fallback [70.50ms]
(pass) flow411 review: caller can deny JEV separately while permitting sufficient fallback [1.98ms]
(pass) flow411 review: failure retains sanitized source/reason and actual baseline without success tag [2.65ms]
(pass) flow411 review: real secret-shaped JEV failure is redacted (fallback=false) [2.75ms]
(pass) flow411 review: real secret-shaped JEV failure is redacted (fallback=true) [1.80ms]

src/harness/decision/classify-turn.test.ts:
(pass) classifyTurn: a slash command is never classified [0.07ms]
(pass) classifyTurn: an empty category list is never classified [0.03ms]
(pass) classifyTurn: a deterministic shortcut short-circuits — no classifier stage is tried [0.08ms]
(pass) classifyTurn: Jev enabled and credentialed decides the category [0.61ms]
(pass) classifyTurn: Jev disabled (opt-out) skips straight to the main-model classifier [0.38ms]
(pass) classifyTurn: a Jev failure falls through to the main-model classifier [1504.36ms]
(pass) classifyTurn: every stage failing falls through to no classification [1502.19ms]
(pass) classifyTurn: a hanging classifier stage times out and falls through, never hanging the caller [28.23ms]
(pass) classifyTurn: no Jev credential skips Jev even when jevEnabled is true [0.69ms]
(pass) flow 411: null fallback never reverts to session model [0.35ms]
(pass) flow411: one deadline bounds two non-cooperative stages and aborts both [162.95ms]
(pass) flow411: cancellation during JEV prevents fallback and ignores late success [13.15ms]
(pass) flow411: pre-cancel and zero budget start no classifier [0.38ms]
(pass) flow411: cancel a hanging fallback stream promptly [0.63ms]

src/harness/decision/jev-client.test.ts:
(pass) AC1/AC4: shape and model constants > JEV_MODEL_1_13 and JEV_MODEL_LATEST are named constants; DEFAULT_JEV_MODEL is one of them [0.12ms]
(pass) AC1/AC4: shape and model constants > success: posts to the systemone endpoint and returns {answers, usage} [0.88ms]
(pass) AC1/AC4: shape and model constants > a caller-named model is sent verbatim [0.19ms]
(pass) AC2: credential resolution and refusal > resolveJevApiKey reads OPENROUTER_API_KEY [0.03ms]
(pass) AC2: credential resolution and refusal > no key anywhere -> JevCredentialError, and the fake fetch is never called [0.12ms]
(pass) AC3: 64k token pre-flight budget > under budget does not throw [0.27ms]
(pass) AC3: 64k token pre-flight budget > state over budget names the state side [0.13ms]
(pass) AC3: 64k token pre-flight budget > questions over budget names the questions side [0.06ms]
(pass) AC3: 64k token pre-flight budget > an over-budget request is refused before any network call [0.21ms]
(pass) flow 307 AC7: a rejected credential names its source and checks the sk-or- prefix > resolveJevApiKeyResolution reports source 'env' for OPENROUTER_API_KEY [0.03ms]
(pass) flow 307 AC7: a rejected credential names its source and checks the sk-or- prefix > resolveJevApiKeyResolution reports source 'none' when nothing is set [0.02ms]
(pass) flow 307 AC7: a rejected credential names its source and checks the sk-or- prefix > a 401 from an env-sourced key names the environment variable, without printing the key [0.36ms]
(pass) flow 307 AC7: a rejected credential names its source and checks the sk-or- prefix > a 401 from an env-sourced key that does not start with sk-or- flags the missing prefix [0.69ms]
(pass) flow 307 AC7: a rejected credential names its source and checks the sk-or- prefix > a 401 from a SAVED key (no env var; keryx shell config) names the saved source [10.13ms]
(pass) flow 307 AC7: a rejected credential names its source and checks the sk-or- prefix > a non-401 non-2xx response stays a plain JevRequestError, not JevAuthRejectedError [2006.03ms]
(pass) flow 307 AC7: a rejected credential names its source and checks the sk-or- prefix > flow 307 review item 4: a 401 body that echoes the submitted key never carries it into the error message [1.35ms]
(pass) flow 307 AC7: a rejected credential names its source and checks the sk-or- prefix > flow 307 review item 4: a non-401 error body that echoes a key is also redacted [2002.31ms]
(pass) AC5: one test per fixture shape > success response [0.28ms]
(pass) AC5: one test per fixture shape > malformed-JSON response [0.18ms]
(pass) AC5: one test per fixture shape > non-200 response [0.15ms]
(pass) AC5: one test per fixture shape > response missing usage [0.12ms]
(pass) AC5: one test per fixture shape > response missing answers [0.11ms]
(pass) timeout / abort (flow 306 review item 1) > DEFAULT_JEV_TIMEOUT_MS is a sane, named default [0.28ms]
(pass) timeout / abort (flow 306 review item 1) > a request that never resolves times out with JevTimeoutError, not a hang [21.00ms]
(pass) timeout / abort (flow 306 review item 1) > the reported timeoutMs matches what was asked for [16.42ms]
(pass) timeout / abort (flow 306 review item 1) > a caller-supplied signal aborts the request before the timeout, with the same error [0.26ms]
(pass) timeout / abort (flow 306 review item 1) > an already-aborted signal refuses immediately [0.13ms]
(pass) timeout / abort (flow 306 review item 1) > a normal, fast response is unaffected by the timeout wiring [0.27ms]
(pass) answer validation (flow 306 review item 4) > every requested key must be present [0.35ms]
(pass) answer validation (flow 306 review item 4) > a noul answer whose type does not match the question is rejected [0.10ms]
(pass) answer validation (flow 306 review item 4) > a non-finite noul is rejected, not silently clamped to 0 [0.91ms]
(pass) answer validation (flow 306 review item 4) > a noul outside 0..1 is rejected [0.37ms]
(pass) answer validation (flow 306 review item 4) > the 0..1 boundary values are valid [0.20ms]
(pass) answer validation (flow 306 review item 4) > a choice answer with an empty/non-string choice is rejected [0.12ms]
(pass) answer validation (flow 306 review item 4) > a well-formed choice answer is accepted [0.11ms]
(pass) answer validation (flow 306 review item 4) > an extra answer key the caller never asked about is dropped, not trusted [0.11ms]
(pass) bounded retry for transient failures (the live keryx review jev-rules 503) > MAX_ATTEMPTS is 3 (one try plus up to two retries) [0.01ms]
(pass) bounded retry for transient failures (the live keryx review jev-rules 503) > 503 then success: one result, exactly the successful attempt's usage, one backoff wait [0.26ms]
(pass) bounded retry for transient failures (the live keryx review jev-rules 503) > 503 three times in a row: gives up, names the endpoint, and says how many attempts were made [0.35ms]
(pass) bounded retry for transient failures (the live keryx review jev-rules 503) > 400 is never retried — one call, the same JevRequestError shape as before this feature [0.34ms]
(pass) bounded retry for transient failures (the live keryx review jev-rules 503) > a network error (connection refused) then success: one result, one call retried [0.26ms]
(pass) bounded retry for transient failures (the live keryx review jev-rules 503) > a network error on every attempt gives up as JevNetworkError naming the attempt count [0.22ms]
(pass) bounded retry for transient failures (the live keryx review jev-rules 503) > 429 with Retry-After is honoured but capped, not trusted verbatim [0.23ms]
(pass) bounded retry for transient failures (the live keryx review jev-rules 503) > a 401 is never retried, even though it is a non-2xx status [0.17ms]
(pass) Flow 346: the EXTERNAL switch's choke point (AC1) — checked before anything else, including credential resolution > external off (user-level, via injected dir) -> ExternalBlockedError, and the fake fetch is never called [5.71ms]
(pass) Flow 346: the EXTERNAL switch's choke point (AC1) — checked before anything else, including credential resolution > checked BEFORE the credential check — off with NO credential at all still raises ExternalBlockedError, not JevCredentialError [3.49ms]
(pass) Flow 346: the EXTERNAL switch's choke point (AC1) — checked before anything else, including credential resolution > external on (the default) -> the call proceeds exactly as before flow 346 [0.76ms]
(pass) Flow 346: the EXTERNAL switch's choke point (AC1) — checked before anything else, including credential resolution > an operator who removes "jev" from external-providers.json is not blocked, even with external off [9.03ms]
(pass) Flow 346: the EXTERNAL switch's choke point (AC1) — checked before anything else, including credential resolution > a project's own external override (via opts.cwd) is checked, not only the user-level setting [8.27ms]
(pass) flow411: cancellation interrupts retry backoff and starts no second request [0.43ms]

src/harness/routing/classifier-model.test.ts:
(pass) standard wins over light and deep [0.09ms]
(pass) deep wins when standard unavailable or denied [0.07ms]
(pass) disconnected, denied, light, unknown, guessed and non-chat are excluded [0.10ms]
(pass) priority and stable IDs break ties [0.04ms]

 96 pass
 0 fail
 292 expect() calls
Ran 96 tests across 5 files. [10.06s]
